QA/00_PROJECT_INVENTORY.md
QA/01_TEST_ENVIRONMENT.md
QA/02_BUILD_VERIFICATION_REPORT.md
QA/03_PRODUCT_OVERVIEW.md
QA/04_FEATURE_MATRIX.md
QA/05_REQUIREMENTS_AND_ORACLES.md
QA/06_TEST_STRATEGY.md
QA/07_RISK_REGISTER.md
QA/08_TEST_PLAN.md
QA/09_MASTER_CHECKLIST.md
QA/10_TEST_CASES.csv
QA/10_TEST_CASES.md
QA/11_SMOKE_SUITE.md
QA/12_REGRESSION_SUITE.md
QA/13_EXPLORATORY_TEST_CHARTERS.md
QA/14_BUG_REPORTS.csv
QA/14_BUG_REPORTS.md
QA/15_ACCESSIBILITY_REPORT.md
QA/16_PERFORMANCE_AND_COMPATIBILITY.md
QA/17_LOCALIZATION_REPORT.md
QA/18_TRACEABILITY_MATRIX.csv
QA/18_TRACEABILITY_MATRIX.md
QA/19_TEST_EXECUTION_REPORT.md
QA/20_RELEASE_READINESS_REPORT.md
QA/21_SOLO_DEVELOPER_QA_WORKFLOW.md
QA/22_KNOWN_ISSUES.md
QA/23_QA_CHANGELOG.md
QA/24_OPEN_QUESTIONS.md
QA/25_SOURCES.md
QA/PROGRESS.md
QA/checklists/CHK-01_Installation_And_First_Launch.md
QA/checklists/CHK-02_Main_Menu_And_Navigation.md
QA/checklists/CHK-03_Core_Gameplay.md
QA/checklists/CHK-04_Controls_And_Input.md
QA/checklists/CHK-05_UI_And_HUD.md
QA/checklists/CHK-06_Game_States.md
QA/checklists/CHK-07_Levels_And_Progression.md
QA/checklists/CHK-08_Win_Lose_And_Restart.md
QA/checklists/CHK-09_Save_Load_And_Persistence.md
QA/checklists/CHK-10_Settings.md
QA/checklists/CHK-11_Audio.md
QA/checklists/CHK-12_Graphics_And_Animation.md
QA/checklists/CHK-13_Physics_And_Collisions.md
QA/checklists/CHK-14_Performance_And_Stability.md
QA/checklists/CHK-15_Compatibility.md
QA/checklists/CHK-16_Accessibility.md
QA/checklists/CHK-17_Localization.md
QA/checklists/CHK-18_Negative_And_Recovery.md
QA/checklists/CHK-19_Long_Session.md
QA/checklists/CHK-20_Release_Candidate.md
QA/evidence/BUG-001_tools_without_undo.png
QA/evidence/BVT-001_initial_menu.png
QA/evidence/TC-COMPAT-mobile_390x844.png
QA/evidence/TC-CORE-WIN_classic.png
QA/evidence/TC-CORE-mini_mobile.png
QA/evidence/TC-UI-LEVELS_desktop.png
QA/evidence/mobile-390x844.png
QA/evidence/small-320x568.png
QA/evidence/tablet-800x600.png
QA/logs/asset_check.log
QA/logs/build.log
QA/logs/environment.log
QA/logs/run.log
QA/logs/server.log
QA/logs/server_asset_check.log
QA/logs/tests.log
QA/work/expanded_runtime_tests.py
QA/work/generate_qa_docs.py
QA/work/runtime_test.py
